// Jest Snapshot v1, https://goo.gl/fbAQLP

exports[`HeaderComponent should equal snapshot 1`] = `
<app-header>
  <mat-toolbar
    class="mat-toolbar mat-primary mat-toolbar-single-row"
    color="primary"
  >
    <span>
      Open Data
    </span>
    <span
      class="spacer"
    />
    <button
      class="mat-focus-indicator mat-icon-button mat-button-base"
      mat-icon-button=""
    >
      <span
        class="mat-button-wrapper"
      >
        <mat-icon
          aria-hidden="true"
          class="mat-icon notranslate material-icons mat-icon-no-color"
          data-mat-icon-type="font"
          role="img"
        >
          publish
        </mat-icon>
      </span>
      <span
        class="mat-button-ripple mat-ripple mat-button-ripple-round"
        matripple=""
      />
      <span
        class="mat-button-focus-overlay"
      />
    </button>
  </mat-toolbar>
</app-header>
`;
